// Jest Snapshot v1, https://goo.gl/fbAQLP

exports[`<NotFoundPage /> should render and match the snapshot 1`] = `
<h1>
  Sorry! We could not find the page you were looking for!
</h1>
`;
