// Jest Snapshot v1, https://goo.gl/fbAQLP

exports[`<ErrorBoundary /> Should render and match the snapshot 1`] = `<div />`;
