// Jest Snapshot v1, https://goo.gl/fbAQLP

exports[`<HomePage /> Should render and match the snapshot 1`] = `
<div>
  <div
    class="makeStyles-controlBar-276"
  >
    <div
      class="MuiFormControl-root MuiTextField-root"
    >
      <label
        class="MuiFormLabel-root MuiInputLabel-root MuiInputLabel-formControl MuiInputLabel-animated MuiInputLabel-outlined"
        data-shrink="false"
        for="outlined-basic"
        id="outlined-basic-label"
      >
        Enter a place...
      </label>
      <div
        class="MuiInputBase-root MuiOutlinedInput-root MuiInputBase-formControl MuiInputBase-adornedEnd MuiOutlinedInput-adornedEnd"
      >
        <input
          aria-invalid="false"
          class="MuiInputBase-input MuiOutlinedInput-input MuiInputBase-inputAdornedEnd MuiOutlinedInput-inputAdornedEnd"
          id="outlined-basic"
          type="text"
          value=""
        />
        <div
          class="MuiInputAdornment-root"
        >
          <button
            class="MuiButtonBase-root MuiIconButton-root"
            tabindex="0"
            type="button"
          >
            <span
              class="MuiIconButton-label"
            >
              <svg
                aria-hidden="true"
                class="MuiSvgIcon-root"
                focusable="false"
                role="presentation"
                viewBox="0 0 24 24"
              >
                <path
                  d="M15.5 14h-.79l-.28-.27C15.41 12.59 16 11.11 16 9.5 16 5.91 13.09 3 9.5 3S3 5.91 3 9.5 5.91 16 9.5 16c1.61 0 3.09-.59 4.23-1.57l.27.28v.79l5 4.99L20.49 19l-4.99-5zm-6 0C7.01 14 5 11.99 5 9.5S7.01 5 9.5 5 14 7.01 14 9.5 11.99 14 9.5 14z"
                />
              </svg>
            </span>
            <span
              class="MuiTouchRipple-root"
            />
          </button>
        </div>
        <fieldset
          aria-hidden="true"
          class="PrivateNotchedOutline-root-367 MuiOutlinedInput-notchedOutline"
        >
          <legend
            class="PrivateNotchedOutline-legendLabelled-369"
          >
            <span>
              Enter a place...
            </span>
          </legend>
        </fieldset>
      </div>
    </div>
    <div
      class="MuiFormGroup-root"
      component="fieldset"
    >
      <label
        class="MuiFormControlLabel-root MuiFormControlLabel-labelPlacementTop"
      >
        <span
          class="MuiSwitch-root"
        >
          <span
            aria-disabled="false"
            class="MuiButtonBase-root MuiIconButton-root PrivateSwitchBase-root-391 MuiSwitch-switchBase MuiSwitch-colorSecondary"
          >
            <span
              class="MuiIconButton-label"
            >
              <input
                class="PrivateSwitchBase-input-394 MuiSwitch-input"
                type="checkbox"
                value=""
              />
              <span
                class="MuiSwitch-thumb"
              />
            </span>
            <span
              class="MuiTouchRipple-root"
            />
          </span>
          <span
            class="MuiSwitch-track"
          />
        </span>
        <span
          class="MuiTypography-root MuiFormControlLabel-label MuiTypography-body1"
        >
          Live Updates
        </span>
      </label>
    </div>
  </div>
  <div
    class="makeStyles-weatherContainer-280"
  >
    <div
      class="makeStyles-root-433"
    >
      <h1 />
      <div
        class="MuiGrid-root MuiGrid-container MuiGrid-spacing-xs-6"
      />
    </div>
  </div>
</div>
`;
